16 transverse depths (d +0.2127 .. +1.2092, step +0.0664), 10 longitudinal azimuths, 6 exterior views ['up', 'down', 'front', 'right', 'back', 'left']
SHELL_PIN=0  SEC_SKIP_OUTER=0.1  JITTER=0.5  ITERS=200 outer  RES=512
  sections skip the exterior, 2 cells deep by the occupancy: 129,528 of 770,182 coarse cells (16.8%)
  trainable: 8,614,438 floats of 8,614,438 (all four tensors)
  references: 16 transverse targets from secref_orraw_hsep, 10 longitudinal from secref_orraw_vsep, 6 exterior from cube_or6_prep
  -> /workspace/ovoxel_native/mv_free_v2/eval_init
  probe at 0: 0.03281
  outer    1/200  steps 32  L1 0.03307  probe 0.03099  6s
  outer   20/200  steps 640  L1 0.02226  probe 0.03479  47s
  voxel smoothing at outer 30: interior 621,829/770,182 trained, 18,825 untrained cells filled from trained neighbours; surf_rgb 486,276
  outer   40/200  steps 1,280  L1 0.02222  probe 0.03496  91s
  outer   60/200  steps 1,920  L1 0.02140  probe 0.03508  134s
  voxel smoothing at outer 60: interior 621,829/770,182 trained, 18,825 untrained cells filled from trained neighbours; surf_rgb 482,781
  outer   80/200  steps 2,560  L1 0.02114  probe 0.03549  179s
  voxel smoothing at outer 90: interior 621,829/770,182 trained, 18,825 untrained cells filled from trained neighbours; surf_rgb 480,440
  outer  100/200  steps 3,200  L1 0.02163  probe 0.03605  223s
  outer  120/200  steps 3,840  L1 0.02174  probe 0.03683  266s
  voxel smoothing at outer 120: interior 621,829/770,182 trained, 18,825 untrained cells filled from trained neighbours; surf_rgb 478,769
  outer  140/200  steps 4,480  L1 0.02274  probe 0.03632  310s
  voxel smoothing at outer 150: interior 621,829/770,182 trained, 18,825 untrained cells filled from trained neighbours; surf_rgb 477,444
  outer  160/200  steps 5,120  L1 0.02092  probe 0.03696  353s
  outer  180/200  steps 5,760  L1 0.02187  probe 0.03732  395s
  voxel smoothing at outer 180: interior 621,829/770,182 trained, 18,825 untrained cells filled from trained neighbours; surf_rgb 476,354
  outer  200/200  steps 6,400  L1 0.02188  probe 0.03539  439s

trained 200 outer iterations = 6,400 gradient steps in 439.4s (69 ms/step)
  L1 first 32 mean 0.03307 -> last 32 mean 0.02188

coverage over the schedule actually run (with jitter):
  dual_v       767,950 /   900,556  ( 85.3%)
  split_w      767,425 /   900,556  ( 85.2%)
  surf_rgb     768,623 /   900,556  ( 85.3%)
  interior     736,367 /   770,182  ( 95.6%)
moved from init:
  dual_v     mean 9.9426e-02  max 2.0870e+00  rows changed 412,644
  split_w    mean 4.3284e-02  max 4.9900e-01  rows changed 412,626
  surf_rgb   mean 3.4483e-01  max 1.6489e+00  rows changed 887,781
  interior   mean 2.2378e-01  max 1.6480e+00  rows changed 640,637
  -> /workspace/ovoxel_native/mv_free_v2/eval_final
probe curve: 0:0.03281  1:0.03099  20:0.03479  40:0.03496  60:0.03508  80:0.03549  100:0.03605  120:0.03683  140:0.03632  160:0.03696  180:0.03732  200:0.03539
TRAIN_OK
