== orange_sp  cfg=config/orange_physics.json  refs=spl_orange_h,spl_orange_v  lattice=build_orange_sp/lattice  gpu=0
route 1: /workspace/ovoxel_native/state_orange_sp.pt
  770,182 solid coarse cells, 900,556 dual vertices
16 transverse depths (d +0.2127 .. +1.2092, step +0.0664), 10 longitudinal azimuths, 0 exterior views []
  section loss: 0.7(1-SSIM)+0.3MSE on 6 crops of 128px, band term at 0.3
ANCHOR=1  SHELL_PIN=1  SEC_SKIP_OUTER=0.1  JITTER=0.5  ITERS=200 outer  RES=512  FLAT_INIT=off
  sections skip the exterior, 2 cells deep by the occupancy: 129,528 of 770,182 coarse cells (16.8%)
  prefit interior     0  mse 0.037849  distinct colours 1
  prefit interior   200  mse 0.000434  distinct colours 1,517
  prefit interior converged at step 288, mse 0.000048
  prefit interior done: mse 0.000048, mean |decode - seed| 0.00388
  prefit surf_rgb     0  mse 0.024575  distinct colours 1
  prefit surf_rgb   200  mse 0.000882  distinct colours 12,900
  prefit surf_rgb   400  mse 0.000227  distinct colours 32,521
  prefit surf_rgb converged at step 585, mse 0.000046
  prefit surf_rgb done: mse 0.000046, mean |decode - seed| 0.00363
  prefit took 24s
  decoder: feat 8-d per cell, stage1 8->128->128->16, stage2 16->64->3, two heads (ANCHOR_SPLIT)
  trainable: 6,182,467 floats (interior only, the exterior is pinned)
  references: 16 transverse, 10 longitudinal, 0 exterior
  -> /workspace/ovoxel_native/ov0_orange_sp/eval_init
  probe at 0: 0.03459
  outer    1/200  steps 26  loss 0.27362  L1 0.02793  probe 0.03154  5s
  outer   20/200  steps 520  loss 0.17364  L1 0.02238  probe 0.03090  73s
  voxel smoothing at outer 30: 621,761/770,182 trained, 18,893 untrained cells' features filled from trained neighbours
  outer   40/200  steps 1,040  loss 0.15911  L1 0.02136  probe 0.03160  144s
  outer   60/200  steps 1,560  loss 0.15622  L1 0.02080  probe 0.03252  214s
  voxel smoothing at outer 60: 621,829/770,182 trained, 18,825 untrained cells' features filled from trained neighbours
  outer   80/200  steps 2,080  loss 0.16138  L1 0.02119  probe 0.03192  285s
  voxel smoothing at outer 90: 621,829/770,182 trained, 18,825 untrained cells' features filled from trained neighbours
  outer  100/200  steps 2,600  loss 0.15195  L1 0.02077  probe 0.03287  356s
  outer  120/200  steps 3,120  loss 0.15506  L1 0.02092  probe 0.03275  427s
  voxel smoothing at outer 120: 621,829/770,182 trained, 18,825 untrained cells' features filled from trained neighbours
  outer  140/200  steps 3,640  loss 0.15505  L1 0.02073  probe 0.03309  497s
  voxel smoothing at outer 150: 621,829/770,182 trained, 18,825 untrained cells' features filled from trained neighbours
  outer  160/200  steps 4,160  loss 0.15148  L1 0.02056  probe 0.03332  568s
  outer  180/200  steps 4,680  loss 0.15032  L1 0.02050  probe 0.03242  638s
  voxel smoothing at outer 180: 621,829/770,182 trained, 18,825 untrained cells' features filled from trained neighbours
  outer  200/200  steps 5,200  loss 0.14714  L1 0.02020  probe 0.03273  709s

trained 200 outer iterations = 5,200 gradient steps in 708.6s (136 ms/step)
  loss first 26 mean 0.27362 -> last 26 mean 0.14714
  L1   first 26 mean 0.02793 -> last 26 mean 0.02020
coverage over the schedule actually run (with jitter):
  feat_i       736,367 /   770,182  ( 95.6%)
  feat_s             0 /   900,556  (  0.0%)
  dual_v             0 /   900,556  (  0.0%)
  split_w            0 /   900,556  (  0.0%)
  interior   moved mean 0.2152 max 1.5437; decoded spread [0.0351 0.1013 0.201 ]
  surf_rgb   moved mean 0.0000 max 0.0000; decoded spread [0.1081 0.1956 0.1542]
  -> /workspace/ovoxel_native/ov0_orange_sp/eval_final
probe curve: 0:0.03459  1:0.03154  20:0.03090  40:0.03160  60:0.03252  80:0.03192  100:0.03287  120:0.03275  140:0.03309  160:0.03332  180:0.03242  200:0.03273
TRAIN_OK
