== watermelon_sp  cfg=config/watermelon_raw_physics.json  refs=spl_watermelon_h,spl_watermelon_v  lattice=build_watermelon_sp/lattice  gpu=1
route 1: /workspace/ovoxel_native/state_watermelon_sp.pt
  709,368 solid coarse cells, 810,071 dual vertices
16 transverse depths (d -1.3398 .. -0.1619, step +0.0785), 10 longitudinal azimuths, 0 exterior views []
  section loss: 0.7(1-SSIM)+0.3MSE on 6 crops of 128px, band term at 0.3
ANCHOR=1  SHELL_PIN=1  SEC_SKIP_OUTER=0.1  JITTER=0.5  ITERS=200 outer  RES=512  FLAT_INIT=off
  sections skip the exterior, 2 cells deep by the occupancy: 111,744 of 709,368 coarse cells (15.8%)
  prefit interior     0  mse 0.046666  distinct colours 1
  prefit interior   200  mse 0.003027  distinct colours 25,276
  prefit interior   400  mse 0.002111  distinct colours 88,453
  prefit interior converged at step 584, mse 0.000049
  prefit interior done: mse 0.000049, mean |decode - seed| 0.00239
  prefit surf_rgb     0  mse 0.060597  distinct colours 1
  prefit surf_rgb   200  mse 0.000870  distinct colours 57,685
  prefit surf_rgb   400  mse 0.000121  distinct colours 342,423
  prefit surf_rgb converged at step 554, mse 0.000050
  prefit surf_rgb done: mse 0.000050, mean |decode - seed| 0.00282
  prefit took 28s
  decoder: feat 8-d per cell, stage1 8->128->128->16, stage2 16->64->3, two heads (ANCHOR_SPLIT)
  trainable: 5,695,955 floats (interior only, the exterior is pinned)
  references: 16 transverse, 10 longitudinal, 0 exterior
  -> /workspace/ovoxel_native/ov_watermelon_sp/eval_init
  probe at 0: 0.02239
  outer    1/200  steps 26  loss 0.32145  L1 0.01694  probe 0.01720  6s
  outer   20/200  steps 520  loss 0.18919  L1 0.01143  probe 0.01541  64s
  voxel smoothing at outer 30: 571,488/709,368 trained, 26,136 untrained cells' features filled from trained neighbours
  outer   40/200  steps 1,040  loss 0.18004  L1 0.01095  probe 0.01567  124s
  outer   60/200  steps 1,560  loss 0.17877  L1 0.01076  probe 0.01570  185s
  voxel smoothing at outer 60: 571,496/709,368 trained, 26,128 untrained cells' features filled from trained neighbours
  outer   80/200  steps 2,080  loss 0.17381  L1 0.01093  probe 0.01602  246s
  voxel smoothing at outer 90: 571,797/709,368 trained, 25,827 untrained cells' features filled from trained neighbours
  outer  100/200  steps 2,600  loss 0.17561  L1 0.01064  probe 0.01593  306s
  outer  120/200  steps 3,120  loss 0.17369  L1 0.01052  probe 0.01583  367s
  voxel smoothing at outer 120: 571,805/709,368 trained, 25,819 untrained cells' features filled from trained neighbours
  outer  140/200  steps 3,640  loss 0.17536  L1 0.01054  probe 0.01555  427s
  voxel smoothing at outer 150: 571,806/709,368 trained, 25,818 untrained cells' features filled from trained neighbours
  outer  160/200  steps 4,160  loss 0.16846  L1 0.01024  probe 0.01586  488s
  outer  180/200  steps 4,680  loss 0.16996  L1 0.01037  probe 0.01592  548s
  voxel smoothing at outer 180: 571,806/709,368 trained, 25,818 untrained cells' features filled from trained neighbours
  outer  200/200  steps 5,200  loss 0.17051  L1 0.01024  probe 0.01584  609s

trained 200 outer iterations = 5,200 gradient steps in 608.9s (117 ms/step)
  loss first 26 mean 0.32145 -> last 26 mean 0.17051
  L1   first 26 mean 0.01694 -> last 26 mean 0.01024
coverage over the schedule actually run (with jitter):
  feat_i       663,950 /   709,368  ( 93.6%)
  feat_s             0 /   810,071  (  0.0%)
  dual_v             0 /   810,071  (  0.0%)
  split_w            0 /   810,071  (  0.0%)
  interior   moved mean 0.2999 max 1.7003; decoded spread [0.0886 0.2435 0.1845]
  surf_rgb   moved mean 0.0000 max 0.0000; decoded spread [0.2563 0.244  0.2379]
  -> /workspace/ovoxel_native/ov_watermelon_sp/eval_final
probe curve: 0:0.02239  1:0.01720  20:0.01541  40:0.01567  60:0.01570  80:0.01602  100:0.01593  120:0.01583  140:0.01555  160:0.01586  180:0.01592  200:0.01584
TRAIN_OK
