== cake2_sp  cfg=config/orange_physics.json  refs=spl_cake2_h,spl_cake2_v  lattice=build_cake2_sp/lattice  gpu=3
route 1: /workspace/ovoxel_native/state_cake2_sp.pt
  395,613 solid coarse cells, 616,332 dual vertices
16 transverse depths (d -0.9496 .. +0.3678, step +0.0878), 10 longitudinal azimuths, 0 exterior views []
  section loss: 0.7(1-SSIM)+0.3MSE on 6 crops of 128px, band term at 0.3
ANCHOR=1  SHELL_PIN=1  SEC_SKIP_OUTER=0.1  JITTER=0.5  ITERS=200 outer  RES=512  FLAT_INIT=off
  sections skip the exterior, 2 cells deep by the occupancy: 80,493 of 395,613 coarse cells (20.3%)
  prefit interior converged at step 0, mse 0.000000
  prefit interior done: mse 0.000000, mean |decode - seed| 0.01144
  prefit surf_rgb     0  mse 0.042453  distinct colours 1
  prefit surf_rgb   200  mse 0.000177  distinct colours 42,765
  prefit surf_rgb   400  mse 0.000097  distinct colours 60,258
  prefit surf_rgb converged at step 489, mse 0.000049
  prefit surf_rgb done: mse 0.000049, mean |decode - seed| 0.00466
  prefit took 10s
  decoder: feat 8-d per cell, stage1 8->128->128->16, stage2 16->64->3, two heads (ANCHOR_SPLIT)
  trainable: 3,185,915 floats (interior only, the exterior is pinned)
  references: 16 transverse, 10 longitudinal, 0 exterior
  -> /workspace/ovoxel_native/ov_cake2_sp/eval_init
  probe at 0: 0.11220
  outer    1/200  steps 26  loss 0.44419  L1 0.08738  probe 0.10436  6s
  outer   20/200  steps 520  loss 0.35063  L1 0.06290  probe 0.10026  64s
  voxel smoothing at outer 30: 314,591/395,613 trained, 529 untrained cells' features filled from trained neighbours
  outer   40/200  steps 1,040  loss 0.33343  L1 0.05735  probe 0.10038  125s
  outer   60/200  steps 1,560  loss 0.33025  L1 0.05750  probe 0.10142  186s
  voxel smoothing at outer 60: 314,591/395,613 trained, 529 untrained cells' features filled from trained neighbours
  outer   80/200  steps 2,080  loss 0.30298  L1 0.05574  probe 0.10178  247s
  voxel smoothing at outer 90: 314,591/395,613 trained, 529 untrained cells' features filled from trained neighbours
  outer  100/200  steps 2,600  loss 0.30936  L1 0.05541  probe 0.10169  308s
  outer  120/200  steps 3,120  loss 0.30446  L1 0.05615  probe 0.10120  368s
  voxel smoothing at outer 120: 314,591/395,613 trained, 529 untrained cells' features filled from trained neighbours
  outer  140/200  steps 3,640  loss 0.30776  L1 0.05554  probe 0.10079  430s
  voxel smoothing at outer 150: 314,591/395,613 trained, 529 untrained cells' features filled from trained neighbours
  outer  160/200  steps 4,160  loss 0.30818  L1 0.05480  probe 0.10088  491s
  outer  180/200  steps 4,680  loss 0.30796  L1 0.05533  probe 0.10091  552s
  voxel smoothing at outer 180: 314,591/395,613 trained, 529 untrained cells' features filled from trained neighbours
  outer  200/200  steps 5,200  loss 0.29358  L1 0.05477  probe 0.10070  614s

trained 200 outer iterations = 5,200 gradient steps in 614.0s (118 ms/step)
  loss first 26 mean 0.44419 -> last 26 mean 0.29358
  L1   first 26 mean 0.08738 -> last 26 mean 0.05477
coverage over the schedule actually run (with jitter):
  feat_i       390,690 /   395,613  ( 98.8%)
  feat_s             0 /   616,332  (  0.0%)
  dual_v             0 /   616,332  (  0.0%)
  split_w            0 /   616,332  (  0.0%)
  interior   moved mean 0.4450 max 0.8659; decoded spread [0.1651 0.2608 0.2485]
  surf_rgb   moved mean 0.0000 max 0.0000; decoded spread [0.1655 0.2359 0.2106]
  -> /workspace/ovoxel_native/ov_cake2_sp/eval_final
probe curve: 0:0.11220  1:0.10436  20:0.10026  40:0.10038  60:0.10142  80:0.10178  100:0.10169  120:0.10120  140:0.10079  160:0.10088  180:0.10091  200:0.10070
TRAIN_OK
