route 1: /workspace/ovoxel_native/state_r1.pt
  770,182 solid coarse cells, 900,556 dual vertices
16 transverse depths (d +0.2127 .. +1.2092, step +0.0664), 10 longitudinal azimuths, 0 exterior views []
  section loss: 0.7(1-SSIM)+0.3MSE on 6 crops of 128px, band term at 0.3, then chamfer between the two patch distributions at 1.0 from 0.5 of the run, keeping 0.3 of the pixel term
ANCHOR=1  SHELL_PIN=1  SEC_SKIP_OUTER=0.1  JITTER=0.5  ITERS=200 outer  RES=512  FLAT_INIT=off
  sections skip the exterior, 2 cells deep by the occupancy: 129,528 of 770,182 coarse cells (16.8%)
  prefit interior     0  mse 0.037849  distinct colours 1
  prefit interior   200  mse 0.000445  distinct colours 1,234
  prefit interior   400  mse 0.000060  distinct colours 18,815
  prefit interior   600  mse 0.000070  distinct colours 19,984
  prefit interior converged at step 617, mse 0.000050
  prefit interior done: mse 0.000050, mean |decode - seed| 0.00247
  prefit surf_rgb     0  mse 0.024575  distinct colours 1
  prefit surf_rgb   200  mse 0.000235  distinct colours 30,409
  prefit surf_rgb   400  mse 0.000142  distinct colours 36,925
  prefit surf_rgb   600  mse 0.000086  distinct colours 64,119
  prefit surf_rgb   799  mse 0.000053  distinct colours 98,175
  prefit surf_rgb done: mse 0.000053, mean |decode - seed| 0.00433
  prefit took 38s
  decoder: feat 8-d per cell, stage1 8->128->128->16, stage2 16->64->3, two heads (ANCHOR_SPLIT)
  trainable: 6,182,467 floats (interior only, the exterior is pinned)
  references: 16 transverse, 10 longitudinal, 0 exterior
  -> /workspace/ovoxel_native/r1_cd10/eval_init
  probe at 0: 0.03341
  outer    1/200  steps 26  loss 0.28019  L1 0.02890  probe 0.02893  7s
  outer   20/200  steps 520  loss 0.17251  L1 0.02148  probe 0.02899  74s
  voxel smoothing at outer 30: 621,761/770,182 trained, 18,893 untrained cells' features filled from trained neighbours
  outer   40/200  steps 1,040  loss 0.15875  L1 0.02069  probe 0.02958  145s
  outer   60/200  steps 1,560  loss 0.15362  L1 0.02026  probe 0.02973  215s
  voxel smoothing at outer 60: 621,829/770,182 trained, 18,825 untrained cells' features filled from trained neighbours
  outer   80/200  steps 2,080  loss 0.15709  L1 0.02014  probe 0.02988  286s
  voxel smoothing at outer 90: 621,829/770,182 trained, 18,825 untrained cells' features filled from trained neighbours
  outer  100/200  steps 2,600  loss 0.14585  L1 0.01984  probe 0.02965  357s
  outer  120/200  steps 3,120  loss 0.43912  L1 0.02100  probe 0.03026  427s
  voxel smoothing at outer 120: 621,829/770,182 trained, 18,825 untrained cells' features filled from trained neighbours
  outer  140/200  steps 3,640  loss 0.42418  L1 0.02099  probe 0.03036  498s
  voxel smoothing at outer 150: 621,829/770,182 trained, 18,825 untrained cells' features filled from trained neighbours
  outer  160/200  steps 4,160  loss 0.41591  L1 0.02118  probe 0.03080  569s
  outer  180/200  steps 4,680  loss 0.41827  L1 0.02131  probe 0.03073  640s
  voxel smoothing at outer 180: 621,829/770,182 trained, 18,825 untrained cells' features filled from trained neighbours
  outer  200/200  steps 5,200  loss 0.43016  L1 0.02098  probe 0.03090  711s

trained 200 outer iterations = 5,200 gradient steps in 710.7s (137 ms/step)
  loss first 26 mean 0.28019 -> last 26 mean 0.43016
  L1   first 26 mean 0.02890 -> last 26 mean 0.02098
coverage over the schedule actually run (with jitter):
  feat_i       736,367 /   770,182  ( 95.6%)
  feat_s             0 /   900,556  (  0.0%)
  dual_v             0 /   900,556  (  0.0%)
  split_w            0 /   900,556  (  0.0%)
  interior   moved mean 0.2168 max 1.3707; decoded spread [0.0265 0.1008 0.209 ]
  surf_rgb   moved mean 0.0000 max 0.0000; decoded spread [0.1081 0.1956 0.1542]
  -> /workspace/ovoxel_native/r1_cd10/eval_final
probe curve: 0:0.03341  1:0.02893  20:0.02899  40:0.02958  60:0.02973  80:0.02988  100:0.02965  120:0.03026  140:0.03036  160:0.03080  180:0.03073  200:0.03090
TRAIN_OK
