route 1: /workspace/ovoxel_native/state_r1.pt
  770,182 solid coarse cells, 900,556 dual vertices
16 transverse depths (d +0.2127 .. +1.2092, step +0.0664), 10 longitudinal azimuths, 0 exterior views []
  section loss: 0.7(1-SSIM)+0.3MSE on 6 crops of 128px, band term at 0.3
ANCHOR=1  SHELL_PIN=1  SEC_SKIP_OUTER=0.1  JITTER=0.5  ITERS=200 outer  RES=512  FLAT_INIT=off
  sections skip the exterior, 2 cells deep by the occupancy: 129,528 of 770,182 coarse cells (16.8%)
  prefit interior     0  mse 0.037849  distinct colours 1
  prefit interior   200  mse 0.000445  distinct colours 1,234
  prefit interior   400  mse 0.000060  distinct colours 18,815
  prefit interior   600  mse 0.000070  distinct colours 19,984
  prefit interior converged at step 617, mse 0.000050
  prefit interior done: mse 0.000050, mean |decode - seed| 0.00247
  prefit surf_rgb     0  mse 0.024575  distinct colours 1
  prefit surf_rgb   200  mse 0.000235  distinct colours 30,409
  prefit surf_rgb   400  mse 0.000142  distinct colours 36,925
  prefit surf_rgb   600  mse 0.000086  distinct colours 64,119
  prefit surf_rgb   799  mse 0.000053  distinct colours 98,175
  prefit surf_rgb done: mse 0.000053, mean |decode - seed| 0.00433
  prefit took 89s
  decoder: feat 8-d per cell, stage1 8->128->128->16, stage2 16->64->3, two heads (ANCHOR_SPLIT)
  trainable: 6,182,467 floats (interior only, the exterior is pinned)
  references: 16 transverse, 10 longitudinal, 0 exterior
  -> /workspace/ovoxel_native/r1_pin_patch/eval_init
  probe at 0: 0.03265
  outer    1/200  steps 26  loss 0.29026  L1 0.02935  probe 0.02896  8s
  outer   20/200  steps 520  loss 0.17694  L1 0.02152  probe 0.02942  122s
  outer   40/200  steps 1,040  loss 0.16246  L1 0.02054  probe 0.03012  244s
  outer   60/200  steps 1,560  loss 0.15724  L1 0.02005  probe 0.03063  364s
  outer   80/200  steps 2,080  loss 0.16223  L1 0.02026  probe 0.03083  485s
  outer  100/200  steps 2,600  loss 0.15065  L1 0.02011  probe 0.03059  604s
  outer  120/200  steps 3,120  loss 0.15497  L1 0.02010  probe 0.03071  749s
  outer  140/200  steps 3,640  loss 0.15742  L1 0.02006  probe 0.03038  1014s
  outer  160/200  steps 4,160  loss 0.15481  L1 0.01991  probe 0.03111  1139s
  outer  180/200  steps 4,680  loss 0.15204  L1 0.01992  probe 0.03056  1262s
  outer  200/200  steps 5,200  loss 0.14861  L1 0.01957  probe 0.03080  1376s

trained 200 outer iterations = 5,200 gradient steps in 1375.6s (265 ms/step)
  loss first 26 mean 0.29026 -> last 26 mean 0.14861
  L1   first 26 mean 0.02935 -> last 26 mean 0.01957
coverage over the schedule actually run (with jitter):
  feat_i       736,367 /   770,182  ( 95.6%)
  feat_s             0 /   900,556  (  0.0%)
  dual_v             0 /   900,556  (  0.0%)
  split_w            0 /   900,556  (  0.0%)
  interior   moved mean 0.2045 max 1.5322; decoded spread [0.0333 0.1073 0.2142]
  surf_rgb   moved mean 0.0000 max 0.0000; decoded spread [0.1081 0.1956 0.1542]
  -> /workspace/ovoxel_native/r1_pin_patch/eval_final
probe curve: 0:0.03265  1:0.02896  20:0.02942  40:0.03012  60:0.03063  80:0.03083  100:0.03059  120:0.03071  140:0.03038  160:0.03111  180:0.03056  200:0.03080
TRAIN_OK
