route 1: /workspace/ovoxel_native/state_r1.pt
  770,182 solid coarse cells, 900,556 dual vertices
16 transverse depths (d +0.2127 .. +1.2092, step +0.0664), 10 longitudinal azimuths, 0 exterior views []
ANCHOR=1  SHELL_PIN=1  SEC_SKIP_OUTER=0.1  JITTER=0.5  ITERS=200 outer  RES=512
  sections skip the exterior, 2 cells deep by the occupancy: 129,528 of 770,182 coarse cells (16.8%)
  prefit interior     0  mse 0.037849  distinct colours 1
  prefit interior   200  mse 0.000445  distinct colours 1,234
  prefit interior   400  mse 0.000060  distinct colours 18,815
  prefit interior   600  mse 0.000070  distinct colours 19,984
  prefit interior converged at step 617, mse 0.000050
  prefit interior done: mse 0.000050, mean |decode - seed| 0.00247
  prefit surf_rgb     0  mse 0.024575  distinct colours 1
  prefit surf_rgb   200  mse 0.000235  distinct colours 30,409
  prefit surf_rgb   400  mse 0.000142  distinct colours 36,925
  prefit surf_rgb   600  mse 0.000086  distinct colours 64,119
  prefit surf_rgb   799  mse 0.000053  distinct colours 98,175
  prefit surf_rgb done: mse 0.000053, mean |decode - seed| 0.00433
  prefit took 37s
  decoder: feat 8-d per cell, stage1 8->128->128->16, stage2 16->64->3, two heads (ANCHOR_SPLIT)
  trainable: 6,182,467 floats (interior only, the exterior is pinned)
  references: 16 transverse, 10 longitudinal, 0 exterior
  -> /workspace/ovoxel_native/r1_pin/eval_init
  probe at 0: 0.03265
  outer    1/200  steps 26  L1 0.02872  probe 0.02786  5s
  outer   20/200  steps 520  L1 0.01864  probe 0.03091  60s
  outer   40/200  steps 1,040  L1 0.01797  probe 0.03189  118s
  outer   60/200  steps 1,560  L1 0.01706  probe 0.03137  215s
  outer   80/200  steps 2,080  L1 0.01745  probe 0.03178  303s
  outer  100/200  steps 2,600  L1 0.01681  probe 0.03184  373s
  outer  120/200  steps 3,120  L1 0.01696  probe 0.03163  444s
  outer  140/200  steps 3,640  L1 0.01689  probe 0.03192  517s
  outer  160/200  steps 4,160  L1 0.01675  probe 0.03205  588s
  outer  180/200  steps 4,680  L1 0.01670  probe 0.03198  661s
  outer  200/200  steps 5,200  L1 0.01641  probe 0.03197  733s

trained 200 outer iterations = 5,200 gradient steps in 733.4s (141 ms/step)
  L1 first 26 mean 0.02872 -> last 26 mean 0.01641
coverage over the schedule actually run (with jitter):
  feat_i       736,367 /   770,182  ( 95.6%)
  feat_s       900,556 /   900,556  (100.0%)
  dual_v             0 /   900,556  (  0.0%)
  split_w            0 /   900,556  (  0.0%)
  interior   moved mean 0.2172 max 1.5213; decoded spread [0.0357 0.1288 0.224 ]
  surf_rgb   moved mean 0.0000 max 0.0000; decoded spread [0.1081 0.1956 0.1542]
  -> /workspace/ovoxel_native/r1_pin/eval_final
probe curve: 0:0.03265  1:0.02786  20:0.03091  40:0.03189  60:0.03137  80:0.03178  100:0.03184  120:0.03163  140:0.03192  160:0.03205  180:0.03198  200:0.03197
TRAIN_OK
