route 2: /workspace/ovoxel_native/state_r2.pt
  569,004 solid coarse cells, 308,251 dual vertices
16 transverse depths (d -0.4098 .. +0.4098, step +0.0546), 10 longitudinal azimuths, 0 exterior views []
  section loss: 0.7(1-SSIM)+0.3MSE on 6 crops of 128px, band term at 0.3
ANCHOR=1  SHELL_PIN=1  SEC_SKIP_OUTER=0.1  JITTER=0.5  ITERS=200 outer  RES=512  FLAT_INIT=off
  sections skip the exterior, 2 cells deep by the occupancy: 94,720 of 569,004 coarse cells (16.6%)
  prefit interior     0  mse 0.008415  distinct colours 1
  prefit interior   200  mse 0.000099  distinct colours 7,246
  prefit interior converged at step 340, mse 0.000048
  prefit interior done: mse 0.000048, mean |decode - seed| 0.00099
  prefit surf_rgb     0  mse 0.010322  distinct colours 1
  prefit surf_rgb   200  mse 0.000280  distinct colours 18,536
  prefit surf_rgb   400  mse 0.000123  distinct colours 24,609
  prefit surf_rgb converged at step 536, mse 0.000047
  prefit surf_rgb done: mse 0.000047, mean |decode - seed| 0.00444
  prefit took 25s
  decoder: feat 8-d per cell, stage1 8->128->128->16, stage2 16->64->3, two heads (ANCHOR_SPLIT)
  trainable: 4,573,043 floats (interior only, the exterior is pinned)
  references: 16 transverse, 10 longitudinal, 0 exterior
  -> /workspace/ovoxel_native/r2_pin_full/eval_init
  probe at 0: 0.07767
  outer    1/200  steps 26  loss 0.35736  L1 0.06288  probe 0.05986  9s
  outer   20/200  steps 520  loss 0.17588  L1 0.01945  probe 0.02754  114s
  voxel smoothing at outer 30: 456,681/569,004 trained, 17,603 untrained cells' features filled from trained neighbours
  outer   40/200  steps 1,040  loss 0.16193  L1 0.01798  probe 0.02720  212s
  outer   60/200  steps 1,560  loss 0.15613  L1 0.01740  probe 0.02702  309s
  voxel smoothing at outer 60: 456,980/569,004 trained, 17,304 untrained cells' features filled from trained neighbours
  outer   80/200  steps 2,080  loss 0.15417  L1 0.01739  probe 0.02656  390s
  voxel smoothing at outer 90: 458,727/569,004 trained, 15,557 untrained cells' features filled from trained neighbours
  outer  100/200  steps 2,600  loss 0.15031  L1 0.01711  probe 0.02645  452s
  outer  120/200  steps 3,120  loss 0.14849  L1 0.01700  probe 0.02635  512s
  voxel smoothing at outer 120: 458,727/569,004 trained, 15,557 untrained cells' features filled from trained neighbours
  outer  140/200  steps 3,640  loss 0.15415  L1 0.01709  probe 0.02616  574s
  voxel smoothing at outer 150: 458,727/569,004 trained, 15,557 untrained cells' features filled from trained neighbours
  outer  160/200  steps 4,160  loss 0.14924  L1 0.01649  probe 0.02661  635s
  outer  180/200  steps 4,680  loss 0.14658  L1 0.01668  probe 0.02644  696s
  voxel smoothing at outer 180: 458,727/569,004 trained, 15,557 untrained cells' features filled from trained neighbours
  outer  200/200  steps 5,200  loss 0.14517  L1 0.01646  probe 0.02621  757s

trained 200 outer iterations = 5,200 gradient steps in 757.1s (146 ms/step)
  loss first 26 mean 0.35736 -> last 26 mean 0.14517
  L1   first 26 mean 0.06288 -> last 26 mean 0.01646
coverage over the schedule actually run (with jitter):
  feat_i       539,732 /   569,004  ( 94.9%)
  feat_s             0 /   308,251  (  0.0%)
  dual_v             0 /   308,251  (  0.0%)
  split_w            0 /   308,251  (  0.0%)
  interior   moved mean 0.5888 max 1.3011; decoded spread [0.0347 0.0935 0.2193]
  surf_rgb   moved mean 0.0000 max 0.0000; decoded spread [0.0841 0.112  0.1065]
  -> /workspace/ovoxel_native/r2_pin_full/eval_final
probe curve: 0:0.07767  1:0.05986  20:0.02754  40:0.02720  60:0.02702  80:0.02656  100:0.02645  120:0.02635  140:0.02616  160:0.02661  180:0.02644  200:0.02621
TRAIN_OK
