route 2: /workspace/ovoxel_native/state_r2.pt
  569,004 solid coarse cells, 308,251 dual vertices
16 transverse depths (d -0.4098 .. +0.4098, step +0.0546), 10 longitudinal azimuths, 0 exterior views []
ANCHOR=1  SHELL_PIN=1  SEC_SKIP_OUTER=0.1  JITTER=0.5  ITERS=200 outer  RES=512
  sections skip the exterior, 2 cells deep by the occupancy: 94,720 of 569,004 coarse cells (16.6%)
  prefit interior     0  mse 0.008415  distinct colours 1
  prefit interior   200  mse 0.000099  distinct colours 7,246
  prefit interior converged at step 340, mse 0.000048
  prefit interior done: mse 0.000048, mean |decode - seed| 0.00099
  prefit surf_rgb     0  mse 0.010322  distinct colours 1
  prefit surf_rgb   200  mse 0.000280  distinct colours 18,536
  prefit surf_rgb   400  mse 0.000123  distinct colours 24,609
  prefit surf_rgb converged at step 536, mse 0.000047
  prefit surf_rgb done: mse 0.000047, mean |decode - seed| 0.00444
  prefit took 19s
  decoder: feat 8-d per cell, stage1 8->128->128->16, stage2 16->64->3, two heads (ANCHOR_SPLIT)
  trainable: 4,573,043 floats (interior only, the exterior is pinned)
  references: 16 transverse, 10 longitudinal, 0 exterior
  -> /workspace/ovoxel_native/r2_pin/eval_init
  probe at 0: 0.07767
  outer    1/200  steps 26  L1 0.05837  probe 0.04650  5s
  outer   20/200  steps 520  L1 0.01628  probe 0.02615  58s
  outer   40/200  steps 1,040  L1 0.01454  probe 0.02606  115s
  outer   60/200  steps 1,560  L1 0.01382  probe 0.02607  185s
  outer   80/200  steps 2,080  L1 0.01370  probe 0.02589  285s
  outer  100/200  steps 2,600  L1 0.01370  probe 0.02571  353s
  outer  120/200  steps 3,120  L1 0.01335  probe 0.02613  418s
  outer  140/200  steps 3,640  L1 0.01329  probe 0.02595  485s
  outer  160/200  steps 4,160  L1 0.01305  probe 0.02584  552s
  outer  180/200  steps 4,680  L1 0.01299  probe 0.02577  619s
  outer  200/200  steps 5,200  L1 0.01294  probe 0.02569  686s

trained 200 outer iterations = 5,200 gradient steps in 686.4s (132 ms/step)
  L1 first 26 mean 0.05837 -> last 26 mean 0.01294
coverage over the schedule actually run (with jitter):
  feat_i       539,732 /   569,004  ( 94.9%)
  feat_s       308,251 /   308,251  (100.0%)
  dual_v             0 /   308,251  (  0.0%)
  split_w            0 /   308,251  (  0.0%)
  interior   moved mean 0.6349 max 1.3262; decoded spread [0.0353 0.133  0.2264]
  surf_rgb   moved mean 0.0000 max 0.0000; decoded spread [0.0841 0.112  0.1065]
  -> /workspace/ovoxel_native/r2_pin/eval_final
probe curve: 0:0.07767  1:0.04650  20:0.02615  40:0.02606  60:0.02607  80:0.02589  100:0.02571  120:0.02613  140:0.02595  160:0.02584  180:0.02577  200:0.02569
TRAIN_OK
