held-out cut depths d = [-0.877  -0.9435 -0.6777 -1.0099 -0.7442 -0.8106]
training depths: 17 planes in [-1.050, -0.638], nearest to a held-out one 0.0080
6 reference photographs, (512, 512, 3)
  init -> /workspace/ovoxel_native/run2/eval_init
  probe at 0: 0.03053
  it    0  d -1.0499  L1 0.04327  cells 8,199  tris 3,050,506  0.2s
  it   50  d -0.6377  L1 0.02151  cells 9,623  tris 1,842,251  4.3s
  it  100  d -0.6583  L1 0.02573  cells 9,770  tris 1,907,444  8.3s
    probe at 150: 0.02775
  it  150  d -0.6996  L1 0.02139  cells 9,974  tris 2,024,709  12.8s
  it  200  d -0.7202  L1 0.02688  cells 10,012  tris 2,075,010  16.9s
  it  250  d -0.7614  L1 0.02298  cells 10,028  tris 2,183,492  21.1s
    probe at 300: 0.02601
  it  300  d -0.7820  L1 0.02768  cells 10,003  tris 2,241,449  25.7s
  it  350  d -0.8026  L1 0.02330  cells 9,978  tris 2,291,941  30.0s
  it  400  d -0.8232  L1 0.02819  cells 9,917  tris 2,353,299  34.1s
    probe at 450: 0.02615
  it  450  d -0.8438  L1 0.02358  cells 9,842  tris 2,406,560  38.0s
  it  500  d -0.8644  L1 0.02865  cells 9,740  tris 2,469,140  41.9s
  it  550  d -0.8850  L1 0.02390  cells 9,666  tris 2,524,733  46.0s
    probe at 600: 0.02595
  it  600  d -0.9057  L1 0.02887  cells 9,509  tris 2,587,089  50.6s
  it  650  d -0.9263  L1 0.02389  cells 9,344  tris 2,648,439  54.6s
  it  700  d -0.9675  L1 0.02894  cells 9,032  tris 2,784,286  58.6s
    probe at 750: 0.02533
  it  750  d -0.9881  L1 0.02400  cells 8,826  tris 2,843,891  63.4s
  it  800  d -1.0293  L1 0.02899  cells 8,458  tris 2,980,989  67.4s
  it  850  d -1.0499  L1 0.02404  cells 8,199  tris 3,050,506  71.6s
    probe at 900: 0.02561
  it  900  d -0.6377  L1 0.01823  cells 9,623  tris 1,842,234  76.1s
  it  950  d -0.6583  L1 0.02281  cells 9,770  tris 1,907,105  80.2s
  it 1000  d -0.6996  L1 0.01947  cells 9,974  tris 2,024,266  84.5s
    probe at 1050: 0.02463
  it 1050  d -0.7202  L1 0.02401  cells 10,012  tris 2,074,977  88.8s
  it 1100  d -0.7614  L1 0.02034  cells 10,028  tris 2,183,461  93.0s
  it 1150  d -0.7820  L1 0.02517  cells 10,003  tris 2,240,763  97.1s
    probe at 1200: 0.02622
  it 1200  d -0.8026  L1 0.02074  cells 9,978  tris 2,291,909  101.5s
  it 1250  d -0.8232  L1 0.02546  cells 9,917  tris 2,352,736  105.6s
  it 1300  d -0.8438  L1 0.02114  cells 9,842  tris 2,406,519  109.7s
    probe at 1350: 0.02417
  it 1350  d -0.8644  L1 0.02585  cells 9,740  tris 2,468,644  114.2s
  it 1400  d -0.8850  L1 0.02129  cells 9,666  tris 2,524,704  118.4s
  it 1450  d -0.9057  L1 0.02601  cells 9,509  tris 2,586,839  122.4s
    probe at 1500: 0.02668
  it 1500  d -0.9263  L1 0.02136  cells 9,344  tris 2,648,434  126.6s
  it 1550  d -0.9675  L1 0.02603  cells 9,032  tris 2,784,292  130.9s
  it 1600  d -0.9881  L1 0.02160  cells 8,826  tris 2,843,597  134.8s
    probe at 1650: 0.02403
  it 1650  d -1.0293  L1 0.02610  cells 8,458  tris 2,980,919  139.4s
  it 1700  d -1.0499  L1 0.02177  cells 8,199  tris 3,050,506  143.5s
  it 1750  d -0.6377  L1 0.02364  cells 9,623  tris 1,842,223  147.4s
    probe at 1800: 0.02710
  it 1800  d -0.6583  L1 0.02528  cells 9,770  tris 1,906,909  151.9s
  it 1850  d -0.6996  L1 0.02514  cells 9,974  tris 2,024,125  156.0s
  it 1900  d -0.7202  L1 0.02661  cells 10,012  tris 2,074,970  160.0s
    probe at 1950: 0.02442
  it 1950  d -0.7614  L1 0.02619  cells 10,028  tris 2,183,429  164.5s
  it 2000  d -0.7820  L1 0.02779  cells 10,003  tris 2,240,644  168.6s
  it 2050  d -0.8026  L1 0.02673  cells 9,978  tris 2,291,888  172.7s
    probe at 2100: 0.02813
  it 2100  d -0.8232  L1 0.02811  cells 9,917  tris 2,352,514  177.3s
  it 2150  d -0.8438  L1 0.02735  cells 9,842  tris 2,406,489  181.2s
  it 2200  d -0.8644  L1 0.02861  cells 9,740  tris 2,468,362  185.3s
    probe at 2250: 0.02589
  it 2250  d -0.8850  L1 0.02747  cells 9,666  tris 2,524,658  189.8s
  it 2300  d -0.9057  L1 0.02877  cells 9,509  tris 2,586,658  193.8s
  it 2350  d -0.9263  L1 0.02779  cells 9,344  tris 2,648,425  198.0s
    probe at 2400: 0.02840
  it 2400  d -0.9675  L1 0.02895  cells 9,032  tris 2,784,301  202.5s
  it 2450  d -0.9881  L1 0.02794  cells 8,826  tris 2,843,270  206.4s
  it 2500  d -1.0293  L1 0.02915  cells 8,458  tris 2,980,859  210.6s
    probe at 2550: 0.02580
  it 2550  d -1.0499  L1 0.02797  cells 8,199  tris 3,050,506  215.0s
  it 2600  d -0.6377  L1 0.02037  cells 9,623  tris 1,842,217  219.0s
  it 2650  d -0.6583  L1 0.02516  cells 9,770  tris 1,906,828  223.1s
    probe at 2700: 0.02750
  it 2700  d -0.6996  L1 0.02169  cells 9,974  tris 2,024,061  227.4s
  it 2750  d -0.7202  L1 0.02663  cells 10,012  tris 2,074,957  231.5s
  it 2800  d -0.7614  L1 0.02264  cells 10,028  tris 2,183,420  235.7s
    probe at 2850: 0.02595
  it 2850  d -0.7820  L1 0.02759  cells 10,003  tris 2,240,420  240.2s
  it 2900  d -0.8026  L1 0.02318  cells 9,978  tris 2,291,867  244.4s
  it 2950  d -0.8232  L1 0.02814  cells 9,917  tris 2,352,405  248.3s
    probe at 3000: 0.02608
  it 2999  d -0.8644  L1 0.02366  cells 9,740  tris 2,468,197  252.8s

trained 3000 iterations in 252.8s
  L1 first 10 mean 0.03278 -> last 10 mean 0.02362
  dual vertices moved: mean 1.264e-02 of a voxel, max 1.021e+00
  final -> /workspace/ovoxel_native/run2/eval_final
probe curve: 0:0.03053  150:0.02775  300:0.02601  450:0.02615  600:0.02595  750:0.02533  900:0.02561  1050:0.02463  1200:0.02622  1350:0.02417  1500:0.02668  1650:0.02403  1800:0.02710  1950:0.02442  2100:0.02813  2250:0.02589  2400:0.02840  2550:0.02580  2700:0.02750  2850:0.02595  3000:0.02608
TRAIN_OK
